[]
error: 'SNR'
['/home/jxg200016/scratch/sc4_sc000_tmp/sept1811.24__measurements_F.parquet']
Time taken: 157.667175 seconds
['/home/jxg200016/scratch/sc4_sc000_tmp/sept1812.24__measurements_F.parquet']
Time taken: 157.308736 seconds
['/home/jxg200016/scratch/sc4_sc000_tmp/sept1813.24__measurements_F.parquet']
Time taken: 139.707571 seconds
['/home/jxg200016/scratch/sc4_sc000_tmp/sept1814.24__measurements_F.parquet']
Time taken: 138.780499 seconds
Error with PRN 26
Error with PRN 25
['/home/jxg200016/scratch/sc4_sc000_tmp/sept1821.24__measurements_F.parquet']
Time taken: 135.569507 seconds
['/home/jxg200016/scratch/sc4_sc000_tmp/sept1822.24__measurements_F.parquet']
Time taken: 135.466810 seconds
['/home/jxg200016/scratch/sc4_sc000_tmp/sept1823.24__measurements_F.parquet']
Time taken: 125.121161 seconds
['/home/jxg200016/scratch/sc4_sc000_tmp/sept1824.24__measurements_F.parquet']
Time taken: 140.620551 seconds
Error with PRN 26
Error with PRN 25
['/home/jxg200016/scratch/sc4_sc000_tmp/sept1831.24__measurements_F.parquet']
Time taken: 130.433039 seconds
['/home/jxg200016/scratch/sc4_sc000_tmp/sept1832.24__measurements_F.parquet']
Time taken: 137.400085 seconds
['/home/jxg200016/scratch/sc4_sc000_tmp/sept1833.24__measurements_F.parquet']
Time taken: 114.523110 seconds
['/home/jxg200016/scratch/sc4_sc000_tmp/sept1834.24__measurements_F.parquet']
Time taken: 125.799110 seconds
Error with PRN 25
Error with PRN 26
['/home/jxg200016/scratch/sc4_sc000_tmp/sept1841.24__measurements_F.parquet']
Time taken: 141.345011 seconds
['/home/jxg200016/scratch/sc4_sc000_tmp/sept1842.24__measurements_F.parquet']
Time taken: 144.296510 seconds
['/home/jxg200016/scratch/sc4_sc000_tmp/sept1843.24__measurements_F.parquet']
Time taken: 129.871702 seconds
['/home/jxg200016/scratch/sc4_sc000_tmp/sept1844.24__measurements_F.parquet']
Time taken: 119.679034 seconds
Error with PRN 25
Error with PRN 26
['/home/jxg200016/scratch/sc4_sc000_tmp/sept1851.24__measurements_F.parquet']
Time taken: 121.179765 seconds
['/home/jxg200016/scratch/sc4_sc000_tmp/sept1852.24__measurements_F.parquet']
Time taken: 130.304153 seconds
['/home/jxg200016/scratch/sc4_sc000_tmp/sept1853.24__measurements_F.parquet']
Time taken: 140.387863 seconds
['/home/jxg200016/scratch/sc4_sc000_tmp/sept1854.24__measurements_F.parquet']
Time taken: 139.653028 seconds
Error with PRN 25
Error with PRN 26
['/home/jxg200016/scratch/sc4_sc000_tmp/sept1861.24__measurements_F.parquet']
Time taken: 118.187023 seconds
['/home/jxg200016/scratch/sc4_sc000_tmp/sept1862.24__measurements_F.parquet']
Time taken: 125.038767 seconds
['/home/jxg200016/scratch/sc4_sc000_tmp/sept1863.24__measurements_F.parquet']
Time taken: 121.285856 seconds
['/home/jxg200016/scratch/sc4_sc000_tmp/sept1864.24__measurements_F.parquet']
Time taken: 137.012972 seconds
Error with PRN 25
Error with PRN 26
['/home/jxg200016/scratch/sc4_sc000_tmp/sept1871.24__measurements_F.parquet']
Time taken: 126.155672 seconds
['/home/jxg200016/scratch/sc4_sc000_tmp/sept1872.24__measurements_F.parquet']
Time taken: 131.203880 seconds
['/home/jxg200016/scratch/sc4_sc000_tmp/sept1873.24__measurements_F.parquet']
Time taken: 117.654571 seconds
['/home/jxg200016/scratch/sc4_sc000_tmp/sept1874.24__measurements_F.parquet']
Time taken: 130.150312 seconds
Error with PRN 25
Error with PRN 26
['/home/jxg200016/scratch/sc4_sc000_tmp/sept1881.24__measurements_F.parquet']
Time taken: 132.803739 seconds
['/home/jxg200016/scratch/sc4_sc000_tmp/sept1882.24__measurements_F.parquet']
Time taken: 134.595332 seconds
['/home/jxg200016/scratch/sc4_sc000_tmp/sept1883.24__measurements_F.parquet']
Time taken: 132.918175 seconds
['/home/jxg200016/scratch/sc4_sc000_tmp/sept1884.24__measurements_F.parquet']
Time taken: 133.072504 seconds
Error with PRN 26
Error with PRN 25
['/home/jxg200016/scratch/sc4_sc000_tmp/sept1891.24__measurements_F.parquet']
Time taken: 131.588609 seconds
['/home/jxg200016/scratch/sc4_sc000_tmp/sept1892.24__measurements_F.parquet']
Time taken: 133.104746 seconds
['/home/jxg200016/scratch/sc4_sc000_tmp/sept1893.24__measurements_F.parquet']
Time taken: 118.625157 seconds
['/home/jxg200016/scratch/sc4_sc000_tmp/sept1894.24__measurements_F.parquet']
Time taken: 132.283623 seconds
Error with PRN 26
Error with PRN 25
