['/home/jxg200016/scratch/sc4_sc000_tmp/sept1701.24__measurements_F.parquet']
Time taken: 158.538375 seconds
['/home/jxg200016/scratch/sc4_sc000_tmp/sept1702.24__measurements_F.parquet']
Time taken: 156.731395 seconds
['/home/jxg200016/scratch/sc4_sc000_tmp/sept1703.24__measurements_F.parquet']
Time taken: 124.603324 seconds
['/home/jxg200016/scratch/sc4_sc000_tmp/sept1704.24__measurements_F.parquet']
Time taken: 126.721828 seconds
Error with PRN 25
Error with PRN 26
['/home/jxg200016/scratch/sc4_sc000_tmp/sept1711.24__measurements_F.parquet']
Time taken: 130.008140 seconds
['/home/jxg200016/scratch/sc4_sc000_tmp/sept1712.24__measurements_F.parquet']
Time taken: 131.558039 seconds
['/home/jxg200016/scratch/sc4_sc000_tmp/sept1713.24__measurements_F.parquet']
Time taken: 133.584539 seconds
['/home/jxg200016/scratch/sc4_sc000_tmp/sept1714.24__measurements_F.parquet']
Time taken: 133.205601 seconds
Error with PRN 25
Error with PRN 26
['/home/jxg200016/scratch/sc4_sc000_tmp/sept1721.24__measurements_F.parquet']
Time taken: 117.044953 seconds
['/home/jxg200016/scratch/sc4_sc000_tmp/sept1722.24__measurements_F.parquet']
Time taken: 112.683536 seconds
['/home/jxg200016/scratch/sc4_sc000_tmp/sept1723.24__measurements_F.parquet']
Time taken: 123.070960 seconds
['/home/jxg200016/scratch/sc4_sc000_tmp/sept1724.24__measurements_F.parquet']
Time taken: 134.541279 seconds
Error with PRN 26
Error with PRN 25
['/home/jxg200016/scratch/sc4_sc000_tmp/sept1731.24__measurements_F.parquet']
Time taken: 122.303709 seconds
['/home/jxg200016/scratch/sc4_sc000_tmp/sept1732.24__measurements_F.parquet']
Time taken: 116.315951 seconds
['/home/jxg200016/scratch/sc4_sc000_tmp/sept1733.24__measurements_F.parquet']
Time taken: 113.584367 seconds
['/home/jxg200016/scratch/sc4_sc000_tmp/sept1734.24__measurements_F.parquet']
Time taken: 129.259996 seconds
Error with PRN 26
Error with PRN 25
['/home/jxg200016/scratch/sc4_sc000_tmp/sept1741.24__measurements_F.parquet']
Time taken: 130.924079 seconds
['/home/jxg200016/scratch/sc4_sc000_tmp/sept1742.24__measurements_F.parquet']
Time taken: 132.549339 seconds
['/home/jxg200016/scratch/sc4_sc000_tmp/sept1743.24__measurements_F.parquet']
Time taken: 119.151424 seconds
['/home/jxg200016/scratch/sc4_sc000_tmp/sept1744.24__measurements_F.parquet']
Time taken: 123.165138 seconds
Error with PRN 26
Error with PRN 25
['/home/jxg200016/scratch/sc4_sc000_tmp/sept1751.24__measurements_F.parquet']
Time taken: 128.834220 seconds
['/home/jxg200016/scratch/sc4_sc000_tmp/sept1752.24__measurements_F.parquet']
Time taken: 128.339793 seconds
['/home/jxg200016/scratch/sc4_sc000_tmp/sept1753.24__measurements_F.parquet']
Time taken: 126.552157 seconds
['/home/jxg200016/scratch/sc4_sc000_tmp/sept1754.24__measurements_F.parquet']
Time taken: 125.392186 seconds
Error with PRN 25
Error with PRN 26
['/home/jxg200016/scratch/sc4_sc000_tmp/sept1761.24__measurements_F.parquet']
Time taken: 128.419743 seconds
['/home/jxg200016/scratch/sc4_sc000_tmp/sept1762.24__measurements_F.parquet']
Time taken: 129.428174 seconds
['/home/jxg200016/scratch/sc4_sc000_tmp/sept1763.24__measurements_F.parquet']
Time taken: 118.312231 seconds
['/home/jxg200016/scratch/sc4_sc000_tmp/sept1764.24__measurements_F.parquet']
Time taken: 123.528802 seconds
Error with PRN 25
Error with PRN 26
['/home/jxg200016/scratch/sc4_sc000_tmp/sept1771.24__measurements_F.parquet']
Time taken: 125.785264 seconds
['/home/jxg200016/scratch/sc4_sc000_tmp/sept1772.24__measurements_F.parquet']
Time taken: 132.929613 seconds
[]
error: 'SNR'
[]
error: 'SNR'
[]
error: 'SNR'
